<test foo="True">This sample shows a error-prone method.</test>